Microchip Technology Inc, v1.30 (A)

Tool Name:
  c:\program files (x86)\microchip\xc16\v1.30\bin\bin\..\bin/elf-ld.exe

Command:
  -p24FJ128GA310 \
  -o \
  dist/default/production/cs66b-redo.production.elf \
  -Lc:/program files (x86)/microchip/xc16/v1.30/bin/bin/.. \
  -Lc:/program files (x86)/microchip/xc16/v1.30/bin/bin/../../lib \
  -Lc:/program files (x86)/microchip/xc16/v1.30/bin/bin/../../support/PIC24E/gld \
  -Lc:/program files (x86)/microchip/xc16/v1.30/bin/bin/../../support/PIC24F/gld \
  -Lc:/program files (x86)/microchip/xc16/v1.30/bin/bin/../../support/PIC24H/gld \
  -Lc:/program files (x86)/microchip/xc16/v1.30/bin/bin/../../support/dsPIC30F/gld \
  -Lc:/program files (x86)/microchip/xc16/v1.30/bin/bin/../../support/dsPIC33E/gld \
  -Lc:/program files (x86)/microchip/xc16/v1.30/bin/bin/../../support/dsPIC33F/gld \
  build/default/production/mcc_generated_files/rtcc.o \
  build/default/production/mcc_generated_files/pin_manager.o \
  build/default/production/mcc_generated_files/interrupt_manager.o \
  build/default/production/mcc_generated_files/mcc.o \
  build/default/production/mcc_generated_files/tmr2.o \
  build/default/production/mcc_generated_files/tmr1.o \
  build/default/production/mcc_generated_files/traps.o \
  build/default/production/mcc_generated_files/uart2.o \
  build/default/production/mcc_generated_files/uart1.o \
  build/default/production/mcc_generated_files/adc1.o \
  build/default/production/src/api/ui.o \
  build/default/production/src/api/key_menu.o \
  build/default/production/src/api/sysdata.o \
  build/default/production/src/api/modbus.o \
  build/default/production/src/api/gps.o \
  build/default/production/src/api/nbiot.o \
  build/default/production/src/api/at-cmd.o \
  build/default/production/src/app/main.o \
  build/default/production/src/app/event.o \
  build/default/production/src/app/sample.o \
  build/default/production/src/depend/crc16.o \
  build/default/production/src/depend/m_string.o \
  build/default/production/src/driver/lcd.o \
  build/default/production/src/driver/gpio.o \
  build/default/production/src/driver/ads1148.o \
  build/default/production/src/driver/ads1148_hal.o \
  build/default/production/src/driver/ex_eeprom.o \
  build/default/production/src/driver/i2c.o \
  build/default/production/src/driver/key.o \
  build/default/production/src/driver/ad421.o \
  build/default/production/src/global/globle.o \
  build/default/production/src/soc/delay.o \
  build/default/production/src/soc/ticker.o \
  build/default/production/src/soc/flash.o \
  build/default/production/src/soc/m_asm.o \
  --local-stack \
  --defsym=__MPLAB_BUILD=1 \
  -Tp24FJ128GA310.gld.00 \
  --stack=16 \
  --check-sections \
  --data-init \
  --pack-data \
  --handles \
  --isr \
  --no-gc-sections \
  --fill-upper=0 \
  --stackguard=16 \
  --no-force-link \
  --smart-io \
  -Map=dist/default/production/cs66b-redo.production.map \
  --report-mem \
  --memorysummary \
  dist/default/production/memoryfile.xml \
  -start-group \
  --library=lega-pic30-elf \
  --library=m-elf \
  --library=lega-c-elf \
  -end-group \


Optional library libpPIC24Fxxx.a not found
Archive member included because of file (symbol)

c:/program files (x86)/microchip/xc16/v1.30/bin/bin/../../lib\liblega-pic30-elf.a(crt0_extended24.o)
                              (__resetPRI)
c:/program files (x86)/microchip/xc16/v1.30/bin/bin/../../lib\liblega-pic30-elf.a(data_init_24.o)
                              c:/program files (x86)/microchip/xc16/v1.30/bin/bin/../../lib\liblega-pic30-elf.a(crt0_extended24.o) (__data_init_da)
c:/program files (x86)/microchip/xc16/v1.30/bin/bin/../../lib\liblega-pic30-elf.a(crt_start_mode_normalda.Leo)
                              (__crt_start_mode_normal)
c:/program files (x86)/microchip/xc16/v1.30/bin/bin/../../lib\libm-elf.a(addsf3.daeo)
                              build/default/production/src/api/sysdata.o (___subsf3)
c:/program files (x86)/microchip/xc16/v1.30/bin/bin/../../lib\libm-elf.a(divsf3.daeo)
                              build/default/production/src/api/sysdata.o (___divsf3)
c:/program files (x86)/microchip/xc16/v1.30/bin/bin/../../lib\libm-elf.a(divsi3.daeo)
                              build/default/production/src/api/ui.o (___divsi3)
c:/program files (x86)/microchip/xc16/v1.30/bin/bin/../../lib\libm-elf.a(feqltle.daeo)
                              build/default/production/src/api/sysdata.o (___eqsf2)
c:/program files (x86)/microchip/xc16/v1.30/bin/bin/../../lib\libm-elf.a(fgtge.daeo)
                              build/default/production/src/api/sysdata.o (___gtsf2)
c:/program files (x86)/microchip/xc16/v1.30/bin/bin/../../lib\libm-elf.a(fixsfsi.daeo)
                              build/default/production/src/api/sysdata.o (_(float, int, long long, short, float, short, int))
c:/program files (x86)/microchip/xc16/v1.30/bin/bin/../../lib\libm-elf.a(fixunssfsi.daeo)
                              build/default/production/src/api/key_menu.o (___fixunssfsi)
[...]
Memory Configuration

Name             Origin             Length             Attributes
data             0x000800           0x002000           a !xr
reset            0x000000           0x000004  
ivt              0x000004           0x0000fc  
_reserved        0x000100           0x000004  
aivt             0x000104           0x0000fc  
program          0x000200           0x0155f8           xr
CONFIG4          0x0157f8           0x000002  
CONFIG3          0x0157fa           0x000002  
CONFIG2          0x0157fc           0x000002  
CONFIG1          0x0157fe           0x000002  
*default*        0x000000           0xffffffff  

Linker script and memory map

LOAD build/default/production/mcc_generated_files/rtcc.o
LOAD build/default/production/mcc_generated_files/pin_manager.o
LOAD build/default/production/mcc_generated_files/interrupt_manager.o
LOAD build/default/production/mcc_generated_files/mcc.o
LOAD build/default/production/mcc_generated_files/tmr2.o
LOAD build/default/production/mcc_generated_files/tmr1.o
LOAD build/default/production/mcc_generated_files/traps.o
LOAD build/default/production/mcc_generated_files/uart2.o
LOAD build/default/production/mcc_generated_files/uart1.o
LOAD build/default/production/mcc_generated_files/adc1.o
LOAD build/default/production/src/api/ui.o
LOAD build/default/production/src/api/key_menu.o
LOAD build/default/production/src/api/sysdata.o
LOAD build/default/production/src/api/modbus.o
LOAD build/default/production/src/api/gps.o
LOAD build/default/production/src/api/nbiot.o
LOAD build/default/production/src/api/at-cmd.o
LOAD build/default/production/src/app/main.o
LOAD build/default/production/src/app/event.o
LOAD build/default/production/src/app/sample.o
LOAD build/default/production/src/depend/crc16.o
LOAD build/default/production/src/depend/m_string.o
LOAD build/default/production/src/driver/lcd.o
LOAD build/default/production/src/driver/gpio.o
LOAD build/default/production/src/driver/ads1148.o
LOAD build/default/production/src/driver/ads1148_hal.o
LOAD build/default/production/src/driver/ex_eeprom.o
LOAD build/default/production/src/driver/i2c.o
LOAD build/default/production/src/driver/key.o
LOAD build/default/production/src/driver/ad421.o
LOAD build/default/production/src/global/globle.o
LOAD build/default/production/src/soc/delay.o
LOAD build/default/production/src/soc/ticker.o
LOAD build/default/production/src/soc/flash.o
LOAD build/default/production/src/soc/m_asm.o
                    0x0001                  __MPLAB_BUILD = 0x1
LOAD pPIC24Fxxx
LOAD c:/program files (x86)/microchip/xc16/v1.30/bin/bin/../../lib\libfx-elf.a
                    0x157f8                  __CONFIG4 = 0x157f8
                    0x157fa                  __CONFIG3 = 0x157fa
                    0x157fc                  __CONFIG2 = 0x157fc
                    0x157fe                  __CONFIG1 = 0x157fe
                    0x0200                  __CODE_BASE = 0x200
                    0x155f8                  __CODE_LENGTH = 0x155f8
                    0x0004                  __IVT_BASE = 0x4
                    0x0104                  __AIVT_BASE = 0x104
                    0x0800                  __DATA_BASE = 0x800
                    0x2000                  __DATA_LENGTH = 0x2000

.reset            0x000000          0x4
                  0x000000          0x2 SHORT 0x200 ABSOLUTE (__reset)
                  0x000001          0x2 SHORT 0x4
                  0x000002          0x2 SHORT 0x0 ((ABSOLUTE (__reset) >> 0x10) & 0x7f)
                  0x000003          0x2 SHORT 0x0

.text             0x000200        0x588
 *(.init)
 .init            0x000200         0x4c c:/program files (x86)/microchip/xc16/v1.30/bin/bin/../../lib\liblega-pic30-elf.a(crt0_extended24.o)
                  0x000200                  __resetPRI
                  0x000200                  __reset
                  0x00023c                  __psv_init
 .init            0x00024c         0xb8 c:/program files (x86)/microchip/xc16/v1.30/bin/bin/../../lib\liblega-pic30-elf.a(data_init_24.o)
                  0x000252                  __data_init
                  0x000252                  __data_init_da
 *(.user_init)
 *(.handle)
 .handle          0x000304         0x8c jump_table
 *(.isr*)
 .isr             0x000390          0x4 default_isr
                  0x000390                  __DefaultInterrupt
 *(.libc)
 *(.libm)
 *(.libdsp)
 *(.lib*)
 .libpic30_crt_start_mode
                  0x000394          0x2 c:/program files (x86)/microchip/xc16/v1.30/bin/bin/../../lib\liblega-pic30-elf.a(crt_start_mode_normalda.Leo)
                  0x000394                  __crt_start_mode
                  0x000394                  __crt_start_mode_normal
 .libm.subsf3     0x000396         0xbc c:/program files (x86)/microchip/xc16/v1.30/bin/bin/../../lib\libm-elf.a(addsf3.daeo)
                  0x000396                  ___subsf3
                  0x000398                  ___addsf3
 .libm.divfs3     0x000452         0x84 c:/program files (x86)/microchip/xc16/v1.30/bin/bin/../../lib\libm-elf.a(divsf3.daeo)
                  0x000452                  ___divsf3
 .libm.divsi3     0x0004d6         0x1e c:/program files (x86)/microchip/xc16/v1.30/bin/bin/../../lib\libm-elf.a(divsi3.daeo)
                  0x0004d6                  ___divsi3
 .libm.eqsf2      0x0004f4          0x4 c:/program files (x86)/microchip/xc16/v1.30/bin/bin/../../lib\libm-elf.a(feqltle.daeo)
                  0x0004f4                  ___eqsf2
                  0x0004f4                  ___ltsf2
                  0x0004f4                  ___lesf2
 .libm.gtsf2      0x0004f8          0x4 c:/program files (x86)/microchip/xc16/v1.30/bin/bin/../../lib\libm-elf.a(fgtge.daeo)
                  0x0004f8                  ___gesf2
                  0x0004f8                  ___gtsf2
 .libm.fixsfsi    0x0004fc         0x42 c:/program files (x86)/microchip/xc16/v1.30/bin/bin/../../lib\libm-elf.a(fixsfsi.daeo)
                  0x0004fc                  _(float, int, long long, short, float, short, int)
 .libm.fixunssfsi
                  0x00053e         0x36 c:/program files (x86)/microchip/xc16/v1.30/bin/bin/../../lib\libm-elf.a(fixunssfsi.daeo)
                  0x00053e                  ___fixunssfsi
 .libm.floatsisf
                  0x000574          0x6 c:/program files (x86)/microchip/xc16/v1.30/bin/bin/../../lib\libm-elf.a(floatsisf.daeo)
                  0x000574                  ___floatsisf
 .libm.floatunsisf
                  0x00057a          0x4 c:/program files (x86)/microchip/xc16/v1.30/bin/bin/../../lib\libm-elf.a(floatunsisf.daeo)
                  0x00057a                  ___floatunsisf
 .libm.nesf2      0x00057e          0x4 c:/program files (x86)/microchip/xc16/v1.30/bin/bin/../../lib\libm-elf.a(fne.daeo)
                  0x00057e                  ___nesf2
 .libm.fpack      0x000582         0x4c c:/program files (x86)/microchip/xc16/v1.30/bin/bin/../../lib\libm-elf.a(fpack.daeo)
                  0x000582                  __fpack
 .libm.funpack    0x0005ce         0x2a c:/program files (x86)/microchip/xc16/v1.30/bin/bin/../../lib\libm-elf.a(funpack.daeo)
                  0x0005ce                  __funpack
 .libm.funpack2
                  0x0005f8         0x10 c:/program files (x86)/microchip/xc16/v1.30/bin/bin/../../lib\libm-elf.a(funpack2.daeo)
                  0x0005f8                  __funpack2
 .libm.fPropagateNaN
                  0x000608         0x12 c:/program files (x86)/microchip/xc16/v1.30/bin/bin/../../lib\libm-elf.a(futil.daeo)
                  0x000608                  __fPropagateNaN
 .libm.fbobExit
                  0x00061a          0x8 c:/program files (x86)/microchip/xc16/v1.30/bin/bin/../../lib\libm-elf.a(futil.daeo)
                  0x00061a                  __fbopExit
 .libm.fbopReturnNaN
                  0x000622          0x6 c:/program files (x86)/microchip/xc16/v1.30/bin/bin/../../lib\libm-elf.a(futil.daeo)
                  0x000622                  __fbopReturnNaN
 .libm.modsi3     0x000628         0x1e c:/program files (x86)/microchip/xc16/v1.30/bin/bin/../../lib\libm-elf.a(modsi3.daeo)
                  0x000628                  ___modsi3
 .libm.mulsf3     0x000646         0x68 c:/program files (x86)/microchip/xc16/v1.30/bin/bin/../../lib\libm-elf.a(mulsf3.daeo)
                  0x000646                  ___mulsf3
 .libm.udivsi3    0x0006ae         0x20 c:/program files (x86)/microchip/xc16/v1.30/bin/bin/../../lib\libm-elf.a(udivsi3.daeo)
                  0x0006ae                  ___udivsi3
 .libm.umodsi3    0x0006ce          0x6 c:/program files (x86)/microchip/xc16/v1.30/bin/bin/../../lib\libm-elf.a(umodsi3.daeo)
                  0x0006ce                  ___umodsi3
 .libm.fcompare
                  0x0006d4         0x36 c:/program files (x86)/microchip/xc16/v1.30/bin/bin/../../lib\libm-elf.a(fcompare.daeo)
                  0x0006d4                  __fcompare
 .libm.floatdisf
                  0x00070a         0x20 c:/program files (x86)/microchip/xc16/v1.30/bin/bin/../../lib\libm-elf.a(floatdisf.daeo)
                  0x00070a                  ___floatdisf
 .libm.floatundisf
                  0x00072a         0x5e c:/program files (x86)/microchip/xc16/v1.30/bin/bin/../../lib\libm-elf.a(floatundisf.daeo)
                  0x00072a                  ___floatundisf

usercode
 *(usercode)

__CONFIG4
 *(__CONFIG4.sec*)

__CONFIG3
 *(__CONFIG3.sec*)

__CONFIG2
 *(__CONFIG2.sec*)

__CONFIG1
 *(__CONFIG1.sec*)

.comment
 *(.comment)

.debug_info       0x000000      0x1af8d
 *(.debug_info)
 .debug_info      0x000000        0xa11 build/default/production/mcc_generated_files/rtcc.o
 .debug_info      0x000a11        0xc21 build/default/production/mcc_generated_files/pin_manager.o
 .debug_info      0x001632        0xc08 build/default/production/mcc_generated_files/interrupt_manager.o
 .debug_info      0x00223a        0x1e9 build/default/production/mcc_generated_files/mcc.o
 .debug_info      0x002423        0x85e build/default/production/mcc_generated_files/tmr2.o
 .debug_info      0x002c81        0x87d build/default/production/mcc_generated_files/tmr1.o
 .debug_info      0x0034fe        0x378 build/default/production/mcc_generated_files/traps.o
 .debug_info      0x003876       0x107f build/default/production/mcc_generated_files/uart2.o
 .debug_info      0x0048f5       0x10a5 build/default/production/mcc_generated_files/uart1.o
 .debug_info      0x00599a        0xb34 build/default/production/mcc_generated_files/adc1.o
 .debug_info      0x0064ce       0x244a build/default/production/src/api/ui.o
 .debug_info      0x008918       0x33b2 build/default/production/src/api/key_menu.o
 .debug_info      0x00bcca       0x2213 build/default/production/src/api/sysdata.o
 .debug_info      0x00dedd       0x105a build/default/production/src/api/modbus.o
 .debug_info      0x00ef37        0x124 build/default/production/src/api/gps.o
 .debug_info      0x00f05b        0x43c build/default/production/src/api/nbiot.o
 .debug_info      0x00f497        0x561 build/default/production/src/api/at-cmd.o
 .debug_info      0x00f9f8       0x11bd build/default/production/src/app/main.o
 .debug_info      0x010bb5        0x1dd build/default/production/src/app/event.o
 .debug_info      0x010d92       0x2778 build/default/production/src/app/sample.o
 .debug_info      0x01350a        0x2cc build/default/production/src/depend/crc16.o
 .debug_info      0x0137d6        0x5ad build/default/production/src/depend/m_string.o
 .debug_info      0x013d83       0x1b4c build/default/production/src/driver/lcd.o
 .debug_info      0x0158cf        0xb5e build/default/production/src/driver/gpio.o
 .debug_info      0x01642d       0x195e build/default/production/src/driver/ads1148.o
 .debug_info      0x017d8b        0xab8 build/default/production/src/driver/ads1148_hal.o
 .debug_info      0x018843        0x5bb build/default/production/src/driver/ex_eeprom.o
 .debug_info      0x018dfe        0x368 build/default/production/src/driver/i2c.o
 .debug_info      0x019166        0xbf8 build/default/production/src/driver/key.o
 .debug_info      0x019d5e        0x54b build/default/production/src/driver/ad421.o
 .debug_info      0x01a2a9        0x18d build/default/production/src/global/globle.o
 .debug_info      0x01a436        0x17d build/default/production/src/soc/delay.o
 .debug_info      0x01a5b3        0x542 build/default/production/src/soc/ticker.o
 .debug_info      0x01aaf5        0x421 build/default/production/src/soc/flash.o
 .debug_info      0x01af16         0x77 build/default/production/src/soc/m_asm.o
 *(.gnu.linkonce.wi.*)

.debug_abbrev     0x000000       0x2b3c
 *(.debug_abbrev)
 .debug_abbrev    0x000000        0x193 build/default/production/mcc_generated_files/rtcc.o
 .debug_abbrev    0x000193         0xc9 build/default/production/mcc_generated_files/pin_manager.o
 .debug_abbrev    0x00025c         0xa7 build/default/production/mcc_generated_files/interrupt_manager.o
 .debug_abbrev    0x000303         0x59 build/default/production/mcc_generated_files/mcc.o
 .debug_abbrev    0x00035c        0x17d build/default/production/mcc_generated_files/tmr2.o
 .debug_abbrev    0x0004d9        0x15b build/default/production/mcc_generated_files/tmr1.o
 .debug_abbrev    0x000634        0x10d build/default/production/mcc_generated_files/traps.o
 .debug_abbrev    0x000741        0x216 build/default/production/mcc_generated_files/uart2.o
 .debug_abbrev    0x000957        0x216 build/default/production/mcc_generated_files/uart1.o
 .debug_abbrev    0x000b6d        0x165 build/default/production/mcc_generated_files/adc1.o
 .debug_abbrev    0x000cd2        0x23b build/default/production/src/api/ui.o
 .debug_abbrev    0x000f0d        0x295 build/default/production/src/api/key_menu.o
 .debug_abbrev    0x0011a2        0x240 build/default/production/src/api/sysdata.o
 .debug_abbrev    0x0013e2        0x1b2 build/default/production/src/api/modbus.o
 .debug_abbrev    0x001594         0x1f build/default/production/src/api/gps.o
 .debug_abbrev    0x0015b3         0xe9 build/default/production/src/api/nbiot.o
 .debug_abbrev    0x00169c         0x6b build/default/production/src/api/at-cmd.o
 .debug_abbrev    0x001707        0x242 build/default/production/src/app/main.o
 .debug_abbrev    0x001949         0x8c build/default/production/src/app/event.o
 .debug_abbrev    0x0019d5        0x2a4 build/default/production/src/app/sample.o
 .debug_abbrev    0x001c79         0xbe build/default/production/src/depend/crc16.o
 .debug_abbrev    0x001d37         0xe4 build/default/production/src/depend/m_string.o
 .debug_abbrev    0x001e1b        0x1f0 build/default/production/src/driver/lcd.o
 .debug_abbrev    0x00200b        0x10b build/default/production/src/driver/gpio.o
 .debug_abbrev    0x002116        0x292 build/default/production/src/driver/ads1148.o
 .debug_abbrev    0x0023a8         0xcd build/default/production/src/driver/ads1148_hal.o
 .debug_abbrev    0x002475        0x138 build/default/production/src/driver/ex_eeprom.o
 .debug_abbrev    0x0025ad         0xa7 build/default/production/src/driver/i2c.o
 .debug_abbrev    0x002654         0xfa build/default/production/src/driver/key.o
 .debug_abbrev    0x00274e         0xec build/default/production/src/driver/ad421.o
 .debug_abbrev    0x00283a         0x44 build/default/production/src/global/globle.o
 .debug_abbrev    0x00287e         0x67 build/default/production/src/soc/delay.o
 .debug_abbrev    0x0028e5        0x11a build/default/production/src/soc/ticker.o
 .debug_abbrev    0x0029ff        0x129 build/default/production/src/soc/flash.o
 .debug_abbrev    0x002b28         0x14 build/default/production/src/soc/m_asm.o

.debug_line       0x000000       0x3e6d
 *(.debug_line)
 .debug_line      0x000000        0x182 build/default/production/mcc_generated_files/rtcc.o
 .debug_line      0x000182         0xdd build/default/production/mcc_generated_files/pin_manager.o
 .debug_line      0x00025f         0xbd build/default/production/mcc_generated_files/interrupt_manager.o
 .debug_line      0x00031c        0x10a build/default/production/mcc_generated_files/mcc.o
 .debug_line      0x000426        0x153 build/default/production/mcc_generated_files/tmr2.o
 .debug_line      0x000579        0x12f build/default/production/mcc_generated_files/tmr1.o
 .debug_line      0x0006a8        0x11c build/default/production/mcc_generated_files/traps.o
 .debug_line      0x0007c4        0x196 build/default/production/mcc_generated_files/uart2.o
 .debug_line      0x00095a        0x196 build/default/production/mcc_generated_files/uart1.o
 .debug_line      0x000af0        0x12e build/default/production/mcc_generated_files/adc1.o
 .debug_line      0x000c1e        0x50a build/default/production/src/api/ui.o
 .debug_line      0x001128        0x7e7 build/default/production/src/api/key_menu.o
 .debug_line      0x00190f        0x2fd build/default/production/src/api/sysdata.o
 .debug_line      0x001c0c        0x17b build/default/production/src/api/modbus.o
 .debug_line      0x001d87         0x1a build/default/production/src/api/gps.o
 .debug_line      0x001da1         0xd3 build/default/production/src/api/nbiot.o
 .debug_line      0x001e74         0xaa build/default/production/src/api/at-cmd.o
 .debug_line      0x001f1e        0x307 build/default/production/src/app/main.o
 .debug_line      0x002225         0xba build/default/production/src/app/event.o
 .debug_line      0x0022df        0x446 build/default/production/src/app/sample.o
 .debug_line      0x002725         0xac build/default/production/src/depend/crc16.o
 .debug_line      0x0027d1        0x149 build/default/production/src/depend/m_string.o
 .debug_line      0x00291a        0x47b build/default/production/src/driver/lcd.o
 .debug_line      0x002d95        0x22e build/default/production/src/driver/gpio.o
 .debug_line      0x002fc3        0x2ab build/default/production/src/driver/ads1148.o
 .debug_line      0x00326e        0x1e4 build/default/production/src/driver/ads1148_hal.o
 .debug_line      0x003452        0x161 build/default/production/src/driver/ex_eeprom.o
 .debug_line      0x0035b3        0x171 build/default/production/src/driver/i2c.o
 .debug_line      0x003724        0x11f build/default/production/src/driver/key.o
 .debug_line      0x003843        0x19f build/default/production/src/driver/ad421.o
 .debug_line      0x0039e2         0x86 build/default/production/src/global/globle.o
 .debug_line      0x003a68         0xa2 build/default/production/src/soc/delay.o
 .debug_line      0x003b0a        0x1e0 build/default/production/src/soc/ticker.o
 .debug_line      0x003cea        0x13d build/default/production/src/soc/flash.o
 .debug_line      0x003e27         0x46 build/default/production/src/soc/m_asm.o

.debug_frame      0x000000       0x4536
 *(.debug_frame)
 .debug_frame     0x000000        0x116 build/default/production/mcc_generated_files/rtcc.o
 .debug_frame     0x000116         0x30 build/default/production/mcc_generated_files/pin_manager.o
 .debug_frame     0x000146         0x30 build/default/production/mcc_generated_files/interrupt_manager.o
 .debug_frame     0x000176         0x4c build/default/production/mcc_generated_files/mcc.o
 .debug_frame     0x0001c2        0x188 build/default/production/mcc_generated_files/tmr2.o
 .debug_frame     0x00034a        0x188 build/default/production/mcc_generated_files/tmr1.o
 .debug_frame     0x0004d2         0x80 build/default/production/mcc_generated_files/traps.o
 .debug_frame     0x000552        0x23e build/default/production/mcc_generated_files/uart2.o
 .debug_frame     0x000790        0x23e build/default/production/mcc_generated_files/uart1.o
 .debug_frame     0x0009ce         0xfc build/default/production/mcc_generated_files/adc1.o
 .debug_frame     0x000aca        0x650 build/default/production/src/api/ui.o
 .debug_frame     0x00111a        0xd50 build/default/production/src/api/key_menu.o
 .debug_frame     0x001e6a        0x322 build/default/production/src/api/sysdata.o
 .debug_frame     0x00218c         0xa0 build/default/production/src/api/modbus.o
 .debug_frame     0x00222c         0x30 build/default/production/src/api/nbiot.o
 .debug_frame     0x00225c        0x180 build/default/production/src/app/main.o
 .debug_frame     0x0023dc         0x30 build/default/production/src/app/event.o
 .debug_frame     0x00240c        0x3de build/default/production/src/app/sample.o
 .debug_frame     0x0027ea         0x68 build/default/production/src/depend/crc16.o
 .debug_frame     0x002852        0x19c build/default/production/src/depend/m_string.o
 .debug_frame     0x0029ee        0x714 build/default/production/src/driver/lcd.o
 .debug_frame     0x003102        0x4e4 build/default/production/src/driver/gpio.o
 .debug_frame     0x0035e6        0x43c build/default/production/src/driver/ads1148.o
 .debug_frame     0x003a22        0x538 build/default/production/src/driver/ads1148_hal.o
 .debug_frame     0x003f5a        0x110 build/default/production/src/driver/ex_eeprom.o
 .debug_frame     0x00406a        0x110 build/default/production/src/driver/i2c.o
 .debug_frame     0x00417a         0x8c build/default/production/src/driver/key.o
 .debug_frame     0x004206        0x12c build/default/production/src/driver/ad421.o
 .debug_frame     0x004332         0x4c build/default/production/src/soc/delay.o
 .debug_frame     0x00437e        0x134 build/default/production/src/soc/ticker.o
 .debug_frame     0x0044b2         0x84 build/default/production/src/soc/flash.o

.debug_str        0x000000       0x105b
 *(.debug_str)
 .debug_str       0x000000         0x6d build/default/production/mcc_generated_files/rtcc.o
 .debug_str       0x00006d         0x2d build/default/production/mcc_generated_files/pin_manager.o
 .debug_str       0x00009a         0x41 build/default/production/mcc_generated_files/interrupt_manager.o
 .debug_str       0x0000db         0x3e build/default/production/mcc_generated_files/tmr2.o
 .debug_str       0x000119         0x1c build/default/production/mcc_generated_files/tmr1.o
 .debug_str       0x000135          0xc build/default/production/mcc_generated_files/traps.o
 .debug_str       0x000141         0x65 build/default/production/mcc_generated_files/uart2.o
 .debug_str       0x0001a6         0x65 build/default/production/mcc_generated_files/uart1.o
 .debug_str       0x00020b         0x46 build/default/production/mcc_generated_files/adc1.o
 .debug_str       0x000251        0x1f9 build/default/production/src/api/ui.o
 .debug_str       0x00044a        0x264 build/default/production/src/api/key_menu.o
 .debug_str       0x0006ae        0x130 build/default/production/src/api/sysdata.o
 .debug_str       0x0007de         0x97 build/default/production/src/api/modbus.o
 .debug_str       0x000875        0x11f build/default/production/src/app/main.o
 .debug_str       0x000994          0xe build/default/production/src/app/event.o
 .debug_str       0x0009a2        0x2f8 build/default/production/src/app/sample.o
 .debug_str       0x000c9a         0x14 build/default/production/src/depend/crc16.o
 .debug_str       0x000cae          0x9 build/default/production/src/depend/m_string.o
 .debug_str       0x000cb7        0x1cb build/default/production/src/driver/lcd.o
 .debug_str       0x000e82         0x33 build/default/production/src/driver/gpio.o
 .debug_str       0x000eb5         0x92 build/default/production/src/driver/ads1148.o
 .debug_str       0x000f47         0x30 build/default/production/src/driver/ex_eeprom.o
 .debug_str       0x000f77         0x4f build/default/production/src/driver/key.o
 .debug_str       0x000fc6         0x1c build/default/production/src/driver/ad421.o
 .debug_str       0x000fe2         0x5b build/default/production/src/soc/ticker.o
 .debug_str       0x00103d         0x1e build/default/production/src/soc/flash.o

.debug_loc
 *(.debug_loc)

.debug_macinfo
 *(.debug_macinfo)

.debug_pubnames
                  0x000000       0x4776
 *(.debug_pubnames)
 .debug_pubnames
                  0x000000         0x83 build/default/production/mcc_generated_files/rtcc.o
 .debug_pubnames
                  0x000083         0x2d build/default/production/mcc_generated_files/pin_manager.o
 .debug_pubnames
                  0x0000b0         0x2b build/default/production/mcc_generated_files/interrupt_manager.o
 .debug_pubnames
                  0x0000db         0x42 build/default/production/mcc_generated_files/mcc.o
 .debug_pubnames
                  0x00011d        0x12b build/default/production/mcc_generated_files/tmr2.o
 .debug_pubnames
                  0x000248        0x11f build/default/production/mcc_generated_files/tmr1.o
 .debug_pubnames
                  0x000367         0x6f build/default/production/mcc_generated_files/traps.o
 .debug_pubnames
                  0x0003d6        0x1e2 build/default/production/mcc_generated_files/uart2.o
 .debug_pubnames
                  0x0005b8        0x1e2 build/default/production/mcc_generated_files/uart1.o
 .debug_pubnames
                  0x00079a         0xcb build/default/production/mcc_generated_files/adc1.o
 .debug_pubnames
                  0x000865        0x61a build/default/production/src/api/ui.o
 .debug_pubnames
                  0x000e7f        0xd6e build/default/production/src/api/key_menu.o
 .debug_pubnames
                  0x001bed        0x5d0 build/default/production/src/api/sysdata.o
 .debug_pubnames
                  0x0021bd         0x99 build/default/production/src/api/modbus.o
 .debug_pubnames
                  0x002256         0x80 build/default/production/src/api/nbiot.o
 .debug_pubnames
                  0x0022d6        0x270 build/default/production/src/api/at-cmd.o
 .debug_pubnames
                  0x002546        0x1a4 build/default/production/src/app/main.o
 .debug_pubnames
                  0x0026ea         0x65 build/default/production/src/app/event.o
 .debug_pubnames
                  0x00274f        0x5ed build/default/production/src/app/sample.o
 .debug_pubnames
                  0x002d3c         0x58 build/default/production/src/depend/crc16.o
 .debug_pubnames
                  0x002d94         0xfe build/default/production/src/depend/m_string.o
 .debug_pubnames
                  0x002e92        0x60f build/default/production/src/driver/lcd.o
 .debug_pubnames
                  0x0034a1        0x3a4 build/default/production/src/driver/gpio.o
 .debug_pubnames
                  0x003845        0x404 build/default/production/src/driver/ads1148.o
 .debug_pubnames
                  0x003c49        0x592 build/default/production/src/driver/ads1148_hal.o
 .debug_pubnames
                  0x0041db        0x11d build/default/production/src/driver/ex_eeprom.o
 .debug_pubnames
                  0x0042f8         0xbb build/default/production/src/driver/i2c.o
 .debug_pubnames
                  0x0043b3         0x5f build/default/production/src/driver/key.o
 .debug_pubnames
                  0x004412        0x14a build/default/production/src/driver/ad421.o
 .debug_pubnames
                  0x00455c         0x4b build/default/production/src/global/globle.o
 .debug_pubnames
                  0x0045a7         0x2c build/default/production/src/soc/delay.o
 .debug_pubnames
                  0x0045d3        0x113 build/default/production/src/soc/ticker.o
 .debug_pubnames
                  0x0046e6         0x90 build/default/production/src/soc/flash.o

.debug_ranges
 *(.debug_ranges)

.debug_aranges    0x000000        0x300
 *(.debug_aranges)
 .debug_aranges
                  0x000000         0x18 build/default/production/mcc_generated_files/rtcc.o
 .debug_aranges
                  0x000018         0x18 build/default/production/mcc_generated_files/pin_manager.o
 .debug_aranges
                  0x000030         0x18 build/default/production/mcc_generated_files/interrupt_manager.o
 .debug_aranges
                  0x000048         0x18 build/default/production/mcc_generated_files/mcc.o
 .debug_aranges
                  0x000060         0x18 build/default/production/mcc_generated_files/tmr2.o
 .debug_aranges
                  0x000078         0x18 build/default/production/mcc_generated_files/tmr1.o
 .debug_aranges
                  0x000090         0x18 build/default/production/mcc_generated_files/traps.o
 .debug_aranges
                  0x0000a8         0x18 build/default/production/mcc_generated_files/uart2.o
 .debug_aranges
                  0x0000c0         0x18 build/default/production/mcc_generated_files/uart1.o
 .debug_aranges
                  0x0000d8         0x18 build/default/production/mcc_generated_files/adc1.o
 .debug_aranges
                  0x0000f0         0x18 build/default/production/src/api/ui.o
 .debug_aranges
                  0x000108         0x18 build/default/production/src/api/key_menu.o
 .debug_aranges
                  0x000120         0x18 build/default/production/src/api/sysdata.o
 .debug_aranges
                  0x000138         0x18 build/default/production/src/api/modbus.o
 .debug_aranges
                  0x000150         0x18 build/default/production/src/api/nbiot.o
 .debug_aranges
                  0x000168         0x18 build/default/production/src/app/main.o
 .debug_aranges
                  0x000180         0x18 build/default/production/src/app/event.o
 .debug_aranges
                  0x000198         0x18 build/default/production/src/app/sample.o
 .debug_aranges
                  0x0001b0         0x18 build/default/production/src/depend/crc16.o
 .debug_aranges
                  0x0001c8         0x18 build/default/production/src/depend/m_string.o
 .debug_aranges
                  0x0001e0         0x18 build/default/production/src/driver/lcd.o
 .debug_aranges
                  0x0001f8         0x18 build/default/production/src/driver/gpio.o
 .debug_aranges
                  0x000210         0x18 build/default/production/src/driver/ads1148.o
 .debug_aranges
                  0x000228         0x18 build/default/production/src/driver/ads1148_hal.o
 .debug_aranges
                  0x000240         0x18 build/default/production/src/driver/ex_eeprom.o
 .debug_aranges
                  0x000258         0x18 build/default/production/src/driver/i2c.o
 .debug_aranges
                  0x000270         0x18 build/default/production/src/driver/key.o
 .debug_aranges
                  0x000288         0x18 build/default/production/src/driver/ad421.o
 .debug_aranges
                  0x0002a0         0x18 build/default/production/src/soc/delay.o
 .debug_aranges
                  0x0002b8         0x18 build/default/production/src/soc/ticker.o
 .debug_aranges
                  0x0002d0         0x18 build/default/production/src/soc/flash.o
 .debug_aranges
                  0x0002e8         0x18 build/default/production/src/soc/m_asm.o
                    0x0000                  WREG0 = 0x0
                    0x0000                  _WREG0 = 0x0
                    0x0002                  WREG1 = 0x2
                    0x0002                  _WREG1 = 0x2
                    0x0004                  WREG2 = 0x4
                    0x0004                  _WREG2 = 0x4
                    0x0006                  WREG3 = 0x6
                    0x0006                  _WREG3 = 0x6
                    0x0008                  WREG4 = 0x8
                    0x0008                  _WREG4 = 0x8
                    0x000a                  WREG5 = 0xa
                    0x000a                  _WREG5 = 0xa
                    0x000c                  WREG6 = 0xc
                    0x000c                  _WREG6 = 0xc
                    0x000e                  WREG7 = 0xe
                    0x000e                  _WREG7 = 0xe
                    0x0010                  WREG8 = 0x10
                    0x0010                  _WREG8 = 0x10
                    0x0012                  WREG9 = 0x12
                    0x0012                  _WREG9 = 0x12
                    0x0014                  WREG10 = 0x14
                    0x0014                  _WREG10 = 0x14
                    0x0016                  WREG11 = 0x16
                    0x0016                  _WREG11 = 0x16
                    0x0018                  WREG12 = 0x18
                    0x0018                  _WREG12 = 0x18
                    0x001a                  WREG13 = 0x1a
                    0x001a                  _WREG13 = 0x1a
                    0x001c                  WREG14 = 0x1c
                    0x001c                  _WREG14 = 0x1c
                    0x001e                  WREG15 = 0x1e
                    0x001e                  _WREG15 = 0x1e
                    0x0020                  SPLIM = 0x20
                    0x0020                  _SPLIM = 0x20
                    0x002e                  PCL = 0x2e
                    0x002e                  _PCL = 0x2e
                    0x0030                  PCH = 0x30
                    0x0030                  _PCH = 0x30
                    0x0032                  DSRPAG = 0x32
                    0x0032                  _DSRPAG = 0x32
                    0x0034                  DSWPAG = 0x34
                    0x0034                  _DSWPAG = 0x34
                    0x0036                  RCOUNT = 0x36
                    0x0036                  _RCOUNT = 0x36
                    0x0042                  SR = 0x42
                    0x0042                  _SR = 0x42
                    0x0042                  _SRbits = 0x42
                    0x0044                  CORCON = 0x44
                    0x0044                  _CORCON = 0x44
                    0x0044                  _CORCONbits = 0x44
                    0x0052                  DISICNT = 0x52
                    0x0052                  _DISICNT = 0x52
                    0x0054                  TBLPAG = 0x54
                    0x0054                  _TBLPAG = 0x54
                    0x0056                  CNPD1 = 0x56
                    0x0056                  _CNPD1 = 0x56
                    0x0056                  _CNPD1bits = 0x56
                    0x0058                  CNPD2 = 0x58
                    0x0058                  _CNPD2 = 0x58
                    0x0058                  _CNPD2bits = 0x58
                    0x005a                  CNPD3 = 0x5a
                    0x005a                  _CNPD3 = 0x5a
                    0x005a                  _CNPD3bits = 0x5a
                    0x005c                  CNPD4 = 0x5c
                    0x005c                  _CNPD4 = 0x5c
                    0x005c                  _CNPD4bits = 0x5c
                    0x005e                  CNPD5 = 0x5e
                    0x005e                  _CNPD5 = 0x5e
                    0x005e                  _CNPD5bits = 0x5e
                    0x0060                  CNPD6 = 0x60
                    0x0060                  _CNPD6 = 0x60
                    0x0060                  _CNPD6bits = 0x60
                    0x0062                  CNEN1 = 0x62
                    0x0062                  _CNEN1 = 0x62
                    0x0062                  _CNEN1bits = 0x62
                    0x0064                  CNEN2 = 0x64
                    0x0064                  _CNEN2 = 0x64
                    0x0064                  _CNEN2bits = 0x64
                    0x0066                  CNEN3 = 0x66
                    0x0066                  _CNEN3 = 0x66
                    0x0066                  _CNEN3bits = 0x66
                    0x0068                  CNEN4 = 0x68
                    0x0068                  _CNEN4 = 0x68
                    0x0068                  _CNEN4bits = 0x68
                    0x006a                  CNEN5 = 0x6a
                    0x006a                  _CNEN5 = 0x6a
                    0x006a                  _CNEN5bits = 0x6a
                    0x006c                  CNEN6 = 0x6c
                    0x006c                  _CNEN6 = 0x6c
                    0x006c                  _CNEN6bits = 0x6c
                    0x006e                  CNPU1 = 0x6e
                    0x006e                  _CNPU1 = 0x6e
                    0x006e                  _CNPU1bits = 0x6e
                    0x0070                  CNPU2 = 0x70
                    0x0070                  _CNPU2 = 0x70
                    0x0070                  _CNPU2bits = 0x70
                    0x0072                  CNPU3 = 0x72
                    0x0072                  _CNPU3 = 0x72
                    0x0072                  _CNPU3bits = 0x72
                    0x0074                  CNPU4 = 0x74
                    0x0074                  _CNPU4 = 0x74
                    0x0074                  _CNPU4bits = 0x74
                    0x0076                  CNPU5 = 0x76
                    0x0076                  _CNPU5 = 0x76
                    0x0076                  _CNPU5bits = 0x76
                    0x0078                  CNPU6 = 0x78
                    0x0078                  _CNPU6 = 0x78
                    0x0078                  _CNPU6bits = 0x78
                    0x0080                  INTCON1 = 0x80
                    0x0080                  _INTCON1 = 0x80
                    0x0080                  _INTCON1bits = 0x80
                    0x0082                  INTCON2 = 0x82
                    0x0082                  _INTCON2 = 0x82
                    0x0082                  _INTCON2bits = 0x82
                    0x0084                  IFS0 = 0x84
                    0x0084                  _IFS0 = 0x84
                    0x0084                  _IFS0bits = 0x84
                    0x0086                  IFS1 = 0x86
                    0x0086                  _IFS1 = 0x86
                    0x0086                  _IFS1bits = 0x86
                    0x0088                  IFS2 = 0x88
                    0x0088                  _IFS2 = 0x88
                    0x0088                  _IFS2bits = 0x88
                    0x008a                  IFS3 = 0x8a
                    0x008a                  _IFS3 = 0x8a
                    0x008a                  _IFS3bits = 0x8a
                    0x008c                  IFS4 = 0x8c
                    0x008c                  _IFS4 = 0x8c
                    0x008c                  _IFS4bits = 0x8c
                    0x008e                  IFS5 = 0x8e
                    0x008e                  _IFS5 = 0x8e
                    0x008e                  _IFS5bits = 0x8e
                    0x0090                  IFS6 = 0x90
                    0x0090                  _IFS6 = 0x90
                    0x0090                  _IFS6bits = 0x90
                    0x0092                  IFS7 = 0x92
                    0x0092                  _IFS7 = 0x92
                    0x0092                  _IFS7bits = 0x92
                    0x0094                  IEC0 = 0x94
                    0x0094                  _IEC0 = 0x94
                    0x0094                  _IEC0bits = 0x94
                    0x0096                  IEC1 = 0x96
                    0x0096                  _IEC1 = 0x96
                    0x0096                  _IEC1bits = 0x96
                    0x0098                  IEC2 = 0x98
                    0x0098                  _IEC2 = 0x98
                    0x0098                  _IEC2bits = 0x98
                    0x009a                  IEC3 = 0x9a
                    0x009a                  _IEC3 = 0x9a
                    0x009a                  _IEC3bits = 0x9a
                    0x009c                  IEC4 = 0x9c
                    0x009c                  _IEC4 = 0x9c
                    0x009c                  _IEC4bits = 0x9c
                    0x009e                  IEC5 = 0x9e
                    0x009e                  _IEC5 = 0x9e
                    0x009e                  _IEC5bits = 0x9e
                    0x00a0                  IEC6 = 0xa0
                    0x00a0                  _IEC6 = 0xa0
                    0x00a0                  _IEC6bits = 0xa0
                    0x00a2                  IEC7 = 0xa2
                    0x00a2                  _IEC7 = 0xa2
                    0x00a2                  _IEC7bits = 0xa2
                    0x00a4                  IPC0 = 0xa4
                    0x00a4                  _IPC0 = 0xa4
                    0x00a4                  _IPC0bits = 0xa4
                    0x00a6                  IPC1 = 0xa6
                    0x00a6                  _IPC1 = 0xa6
                    0x00a6                  _IPC1bits = 0xa6
                    0x00a8                  IPC2 = 0xa8
                    0x00a8                  _IPC2 = 0xa8
                    0x00a8                  _IPC2bits = 0xa8
                    0x00aa                  IPC3 = 0xaa
                    0x00aa                  _IPC3 = 0xaa
                    0x00aa                  _IPC3bits = 0xaa
                    0x00ac                  IPC4 = 0xac
                    0x00ac                  _IPC4 = 0xac
                    0x00ac                  _IPC4bits = 0xac
                    0x00ae                  IPC5 = 0xae
                    0x00ae                  _IPC5 = 0xae
                    0x00ae                  _IPC5bits = 0xae
                    0x00b0                  IPC6 = 0xb0
                    0x00b0                  _IPC6 = 0xb0
                    0x00b0                  _IPC6bits = 0xb0
                    0x00b2                  IPC7 = 0xb2
                    0x00b2                  _IPC7 = 0xb2
                    0x00b2                  _IPC7bits = 0xb2
                    0x00b4                  IPC8 = 0xb4
                    0x00b4                  _IPC8 = 0xb4
                    0x00b4                  _IPC8bits = 0xb4
                    0x00b6                  IPC9 = 0xb6
                    0x00b6                  _IPC9 = 0xb6
                    0x00b6                  _IPC9bits = 0xb6
                    0x00b8                  IPC10 = 0xb8
                    0x00b8                  _IPC10 = 0xb8
                    0x00b8                  _IPC10bits = 0xb8
                    0x00ba                  IPC11 = 0xba
                    0x00ba                  _IPC11 = 0xba
                    0x00ba                  _IPC11bits = 0xba
                    0x00bc                  IPC12 = 0xbc
                    0x00bc                  _IPC12 = 0xbc
                    0x00bc                  _IPC12bits = 0xbc
                    0x00be                  IPC13 = 0xbe
                    0x00be                  _IPC13 = 0xbe
                    0x00be                  _IPC13bits = 0xbe
                    0x00c2                  IPC15 = 0xc2
                    0x00c2                  _IPC15 = 0xc2
                    0x00c2                  _IPC15bits = 0xc2
                    0x00c4                  IPC16 = 0xc4
                    0x00c4                  _IPC16 = 0xc4
                    0x00c4                  _IPC16bits = 0xc4
                    0x00c8                  IPC18 = 0xc8
                    0x00c8                  _IPC18 = 0xc8
                    0x00c8                  _IPC18bits = 0xc8
                    0x00ca                  IPC19 = 0xca
                    0x00ca                  _IPC19 = 0xca
                    0x00ca                  _IPC19bits = 0xca
                    0x00cc                  IPC20 = 0xcc
                    0x00cc                  _IPC20 = 0xcc
                    0x00cc                  _IPC20bits = 0xcc
                    0x00ce                  IPC21 = 0xce
                    0x00ce                  _IPC21 = 0xce
                    0x00ce                  _IPC21bits = 0xce
                    0x00d0                  IPC22 = 0xd0
                    0x00d0                  _IPC22 = 0xd0
                    0x00d0                  _IPC22bits = 0xd0
                    0x00d6                  IPC25 = 0xd6
                    0x00d6                  _IPC25 = 0xd6
                    0x00d6                  _IPC25bits = 0xd6
                    0x00de                  IPC29 = 0xde
                    0x00de                  _IPC29 = 0xde
                    0x00de                  _IPC29bits = 0xde
                    0x00e0                  INTTREG = 0xe0
                    0x00e0                  _INTTREG = 0xe0
                    0x00e0                  _INTTREGbits = 0xe0
                    0x0100                  TMR1 = 0x100
                    0x0100                  _TMR1 = 0x100
                    0x0102                  PR1 = 0x102
                    0x0102                  _PR1 = 0x102
                    0x0104                  T1CON = 0x104
                    0x0104                  _T1CON = 0x104
                    0x0104                  _T1CONbits = 0x104
                    0x0106                  TMR2 = 0x106
                    0x0106                  _TMR2 = 0x106
                    0x0108                  TMR3HLD = 0x108
                    0x0108                  _TMR3HLD = 0x108
                    0x010a                  TMR3 = 0x10a
                    0x010a                  _TMR3 = 0x10a
                    0x010c                  PR2 = 0x10c
                    0x010c                  _PR2 = 0x10c
                    0x010e                  PR3 = 0x10e
                    0x010e                  _PR3 = 0x10e
                    0x0110                  T2CON = 0x110
                    0x0110                  _T2CON = 0x110
                    0x0110                  _T2CONbits = 0x110
                    0x0112                  T3CON = 0x112
                    0x0112                  _T3CON = 0x112
                    0x0112                  _T3CONbits = 0x112
                    0x0114                  TMR4 = 0x114
                    0x0114                  _TMR4 = 0x114
                    0x0116                  TMR5HLD = 0x116
                    0x0116                  _TMR5HLD = 0x116
                    0x0118                  TMR5 = 0x118
                    0x0118                  _TMR5 = 0x118
                    0x011a                  PR4 = 0x11a
                    0x011a                  _PR4 = 0x11a
                    0x011c                  PR5 = 0x11c
                    0x011c                  _PR5 = 0x11c
                    0x011e                  T4CON = 0x11e
                    0x011e                  _T4CON = 0x11e
                    0x011e                  _T4CONbits = 0x11e
                    0x0120                  T5CON = 0x120
                    0x0120                  _T5CON = 0x120
                    0x0120                  _T5CONbits = 0x120
                    0x0140                  IC1CON1 = 0x140
                    0x0140                  _IC1CON1 = 0x140
                    0x0140                  _IC1CON1bits = 0x140
                    0x0142                  IC1CON2 = 0x142
                    0x0142                  _IC1CON2 = 0x142
                    0x0142                  _IC1CON2bits = 0x142
                    0x0144                  IC1BUF = 0x144
                    0x0144                  _IC1BUF = 0x144
                    0x0146                  IC1TMR = 0x146
                    0x0146                  _IC1TMR = 0x146
                    0x0148                  IC2CON1 = 0x148
                    0x0148                  _IC2CON1 = 0x148
                    0x0148                  _IC2CON1bits = 0x148
                    0x014a                  IC2CON2 = 0x14a
                    0x014a                  _IC2CON2 = 0x14a
                    0x014a                  _IC2CON2bits = 0x14a
                    0x014c                  IC2BUF = 0x14c
                    0x014c                  _IC2BUF = 0x14c
                    0x014e                  IC2TMR = 0x14e
                    0x014e                  _IC2TMR = 0x14e
                    0x0150                  IC3CON1 = 0x150
                    0x0150                  _IC3CON1 = 0x150
                    0x0150                  _IC3CON1bits = 0x150
                    0x0152                  IC3CON2 = 0x152
                    0x0152                  _IC3CON2 = 0x152
                    0x0152                  _IC3CON2bits = 0x152
                    0x0154                  IC3BUF = 0x154
                    0x0154                  _IC3BUF = 0x154
                    0x0156                  IC3TMR = 0x156
                    0x0156                  _IC3TMR = 0x156
                    0x0158                  IC4CON1 = 0x158
                    0x0158                  _IC4CON1 = 0x158
                    0x0158                  _IC4CON1bits = 0x158
                    0x015a                  IC4CON2 = 0x15a
                    0x015a                  _IC4CON2 = 0x15a
                    0x015a                  _IC4CON2bits = 0x15a
                    0x015c                  IC4BUF = 0x15c
                    0x015c                  _IC4BUF = 0x15c
                    0x015e                  IC4TMR = 0x15e
                    0x015e                  _IC4TMR = 0x15e
                    0x0160                  IC5CON1 = 0x160
                    0x0160                  _IC5CON1 = 0x160
                    0x0160                  _IC5CON1bits = 0x160
                    0x0162                  IC5CON2 = 0x162
                    0x0162                  _IC5CON2 = 0x162
                    0x0162                  _IC5CON2bits = 0x162
                    0x0164                  IC5BUF = 0x164
                    0x0164                  _IC5BUF = 0x164
                    0x0166                  IC5TMR = 0x166
                    0x0166                  _IC5TMR = 0x166
                    0x0168                  IC6CON1 = 0x168
                    0x0168                  _IC6CON1 = 0x168
                    0x0168                  _IC6CON1bits = 0x168
                    0x016a                  IC6CON2 = 0x16a
                    0x016a                  _IC6CON2 = 0x16a
                    0x016a                  _IC6CON2bits = 0x16a
                    0x016c                  IC6BUF = 0x16c
                    0x016c                  _IC6BUF = 0x16c
                    0x016e                  IC6TMR = 0x16e
                    0x016e                  _IC6TMR = 0x16e
                    0x0170                  IC7CON1 = 0x170
                    0x0170                  _IC7CON1 = 0x170
                    0x0170                  _IC7CON1bits = 0x170
                    0x0172                  IC7CON2 = 0x172
                    0x0172                  _IC7CON2 = 0x172
                    0x0172                  _IC7CON2bits = 0x172
                    0x0174                  IC7BUF = 0x174
                    0x0174                  _IC7BUF = 0x174
                    0x0176                  IC7TMR = 0x176
                    0x0176                  _IC7TMR = 0x176
                    0x0190                  OC1CON1 = 0x190
                    0x0190                  _OC1CON1 = 0x190
                    0x0190                  _OC1CON1bits = 0x190
                    0x0192                  OC1CON2 = 0x192
                    0x0192                  _OC1CON2 = 0x192
                    0x0192                  _OC1CON2bits = 0x192
                    0x0194                  OC1RS = 0x194
                    0x0194                  _OC1RS = 0x194
                    0x0196                  OC1R = 0x196
                    0x0196                  _OC1R = 0x196
                    0x0198                  OC1TMR = 0x198
                    0x0198                  _OC1TMR = 0x198
                    0x019a                  OC2CON1 = 0x19a
                    0x019a                  _OC2CON1 = 0x19a
                    0x019a                  _OC2CON1bits = 0x19a
                    0x019c                  OC2CON2 = 0x19c
                    0x019c                  _OC2CON2 = 0x19c
                    0x019c                  _OC2CON2bits = 0x19c
                    0x019e                  OC2RS = 0x19e
                    0x019e                  _OC2RS = 0x19e
                    0x01a0                  OC2R = 0x1a0
                    0x01a0                  _OC2R = 0x1a0
                    0x01a2                  OC2TMR = 0x1a2
                    0x01a2                  _OC2TMR = 0x1a2
                    0x01a4                  OC3CON1 = 0x1a4
                    0x01a4                  _OC3CON1 = 0x1a4
                    0x01a4                  _OC3CON1bits = 0x1a4
                    0x01a6                  OC3CON2 = 0x1a6
                    0x01a6                  _OC3CON2 = 0x1a6
                    0x01a6                  _OC3CON2bits = 0x1a6
                    0x01a8                  OC3RS = 0x1a8
                    0x01a8                  _OC3RS = 0x1a8
                    0x01aa                  OC3R = 0x1aa
                    0x01aa                  _OC3R = 0x1aa
                    0x01ac                  OC3TMR = 0x1ac
                    0x01ac                  _OC3TMR = 0x1ac
                    0x01ae                  OC4CON1 = 0x1ae
                    0x01ae                  _OC4CON1 = 0x1ae
                    0x01ae                  _OC4CON1bits = 0x1ae
                    0x01b0                  OC4CON2 = 0x1b0
                    0x01b0                  _OC4CON2 = 0x1b0
                    0x01b0                  _OC4CON2bits = 0x1b0
                    0x01b2                  OC4RS = 0x1b2
                    0x01b2                  _OC4RS = 0x1b2
                    0x01b4                  OC4R = 0x1b4
                    0x01b4                  _OC4R = 0x1b4
                    0x01b6                  OC4TMR = 0x1b6
                    0x01b6                  _OC4TMR = 0x1b6
                    0x01b8                  OC5CON1 = 0x1b8
                    0x01b8                  _OC5CON1 = 0x1b8
                    0x01b8                  _OC5CON1bits = 0x1b8
                    0x01ba                  OC5CON2 = 0x1ba
                    0x01ba                  _OC5CON2 = 0x1ba
                    0x01ba                  _OC5CON2bits = 0x1ba
                    0x01bc                  OC5RS = 0x1bc
                    0x01bc                  _OC5RS = 0x1bc
                    0x01be                  OC5R = 0x1be
                    0x01be                  _OC5R = 0x1be
                    0x01c0                  OC5TMR = 0x1c0
                    0x01c0                  _OC5TMR = 0x1c0
                    0x01c2                  OC6CON1 = 0x1c2
                    0x01c2                  _OC6CON1 = 0x1c2
                    0x01c2                  _OC6CON1bits = 0x1c2
                    0x01c4                  OC6CON2 = 0x1c4
                    0x01c4                  _OC6CON2 = 0x1c4
                    0x01c4                  _OC6CON2bits = 0x1c4
                    0x01c6                  OC6RS = 0x1c6
                    0x01c6                  _OC6RS = 0x1c6
                    0x01c8                  OC6R = 0x1c8
                    0x01c8                  _OC6R = 0x1c8
                    0x01ca                  OC6TMR = 0x1ca
                    0x01ca                  _OC6TMR = 0x1ca
                    0x01cc                  OC7CON1 = 0x1cc
                    0x01cc                  _OC7CON1 = 0x1cc
                    0x01cc                  _OC7CON1bits = 0x1cc
                    0x01ce                  OC7CON2 = 0x1ce
                    0x01ce                  _OC7CON2 = 0x1ce
                    0x01ce                  _OC7CON2bits = 0x1ce
                    0x01d0                  OC7RS = 0x1d0
                    0x01d0                  _OC7RS = 0x1d0
                    0x01d2                  OC7R = 0x1d2
                    0x01d2                  _OC7R = 0x1d2
                    0x01d4                  OC7TMR = 0x1d4
                    0x01d4                  _OC7TMR = 0x1d4
                    0x0200                  I2C1RCV = 0x200
                    0x0200                  _I2C1RCV = 0x200
                    0x0202                  I2C1TRN = 0x202
                    0x0202                  _I2C1TRN = 0x202
                    0x0204                  I2C1BRG = 0x204
                    0x0204                  _I2C1BRG = 0x204
                    0x0206                  I2C1CON = 0x206
                    0x0206                  _I2C1CON = 0x206
                    0x0206                  _I2C1CONbits = 0x206
                    0x0208                  I2C1STAT = 0x208
                    0x0208                  _I2C1STAT = 0x208
                    0x0208                  _I2C1STATbits = 0x208
                    0x020a                  I2C1ADD = 0x20a
                    0x020a                  _I2C1ADD = 0x20a
                    0x020c                  I2C1MSK = 0x20c
                    0x020c                  _I2C1MSK = 0x20c
                    0x0210                  I2C2RCV = 0x210
                    0x0210                  _I2C2RCV = 0x210
                    0x0212                  I2C2TRN = 0x212
                    0x0212                  _I2C2TRN = 0x212
                    0x0214                  I2C2BRG = 0x214
                    0x0214                  _I2C2BRG = 0x214
                    0x0216                  I2C2CON = 0x216
                    0x0216                  _I2C2CON = 0x216
                    0x0216                  _I2C2CONbits = 0x216
                    0x0218                  I2C2STAT = 0x218
                    0x0218                  _I2C2STAT = 0x218
                    0x0218                  _I2C2STATbits = 0x218
                    0x021a                  I2C2ADD = 0x21a
                    0x021a                  _I2C2ADD = 0x21a
                    0x021c                  I2C2MSK = 0x21c
                    0x021c                  _I2C2MSK = 0x21c
                    0x0220                  U1MODE = 0x220
                    0x0220                  _U1MODE = 0x220
                    0x0220                  _U1MODEbits = 0x220
                    0x0222                  U1STA = 0x222
                    0x0222                  _U1STA = 0x222
                    0x0222                  _U1STAbits = 0x222
                    0x0224                  U1TXREG = 0x224
                    0x0224                  _U1TXREG = 0x224
                    0x0224                  _U1TXREGbits = 0x224
                    0x0226                  U1RXREG = 0x226
                    0x0226                  _U1RXREG = 0x226
                    0x0226                  _U1RXREGbits = 0x226
                    0x0228                  U1BRG = 0x228
                    0x0228                  _U1BRG = 0x228
                    0x0230                  U2MODE = 0x230
                    0x0230                  _U2MODE = 0x230
                    0x0230                  _U2MODEbits = 0x230
                    0x0232                  U2STA = 0x232
                    0x0232                  _U2STA = 0x232
                    0x0232                  _U2STAbits = 0x232
                    0x0234                  U2TXREG = 0x234
                    0x0234                  _U2TXREG = 0x234
                    0x0234                  _U2TXREGbits = 0x234
                    0x0236                  U2RXREG = 0x236
                    0x0236                  _U2RXREG = 0x236
                    0x0236                  _U2RXREGbits = 0x236
                    0x0238                  U2BRG = 0x238
                    0x0238                  _U2BRG = 0x238
                    0x0240                  SPI1STAT = 0x240
                    0x0240                  _SPI1STAT = 0x240
                    0x0240                  _SPI1STATbits = 0x240
                    0x0242                  SPI1CON1 = 0x242
                    0x0242                  _SPI1CON1 = 0x242
                    0x0242                  _SPI1CON1bits = 0x242
                    0x0244                  SPI1CON2 = 0x244
                    0x0244                  _SPI1CON2 = 0x244
                    0x0244                  _SPI1CON2bits = 0x244
                    0x0248                  SPI1BUF = 0x248
                    0x0248                  _SPI1BUF = 0x248
                    0x0250                  U3MODE = 0x250
                    0x0250                  _U3MODE = 0x250
                    0x0250                  _U3MODEbits = 0x250
                    0x0252                  U3STA = 0x252
                    0x0252                  _U3STA = 0x252
                    0x0252                  _U3STAbits = 0x252
                    0x0254                  U3TXREG = 0x254
                    0x0254                  _U3TXREG = 0x254
                    0x0254                  _U3TXREGbits = 0x254
                    0x0256                  U3RXREG = 0x256
                    0x0256                  _U3RXREG = 0x256
                    0x0256                  _U3RXREGbits = 0x256
                    0x0258                  U3BRG = 0x258
                    0x0258                  _U3BRG = 0x258
                    0x0260                  SPI2STAT = 0x260
                    0x0260                  _SPI2STAT = 0x260
                    0x0260                  _SPI2STATbits = 0x260
                    0x0262                  SPI2CON1 = 0x262
                    0x0262                  _SPI2CON1 = 0x262
                    0x0262                  _SPI2CON1bits = 0x262
                    0x0264                  SPI2CON2 = 0x264
                    0x0264                  _SPI2CON2 = 0x264
                    0x0264                  _SPI2CON2bits = 0x264
                    0x0268                  SPI2BUF = 0x268
                    0x0268                  _SPI2BUF = 0x268
                    0x02b0                  U4MODE = 0x2b0
                    0x02b0                  _U4MODE = 0x2b0
                    0x02b0                  _U4MODEbits = 0x2b0
                    0x02b2                  U4STA = 0x2b2
                    0x02b2                  _U4STA = 0x2b2
                    0x02b2                  _U4STAbits = 0x2b2
                    0x02b4                  U4TXREG = 0x2b4
                    0x02b4                  _U4TXREG = 0x2b4
                    0x02b4                  _U4TXREGbits = 0x2b4
                    0x02b6                  U4RXREG = 0x2b6
                    0x02b6                  _U4RXREG = 0x2b6
                    0x02b6                  _U4RXREGbits = 0x2b6
                    0x02b8                  U4BRG = 0x2b8
                    0x02b8                  _U4BRG = 0x2b8
                    0x02c0                  TRISA = 0x2c0
                    0x02c0                  _TRISA = 0x2c0
                    0x02c0                  _TRISAbits = 0x2c0
                    0x02c2                  PORTA = 0x2c2
                    0x02c2                  _PORTA = 0x2c2
                    0x02c2                  _PORTAbits = 0x2c2
                    0x02c4                  LATA = 0x2c4
                    0x02c4                  _LATA = 0x2c4
                    0x02c4                  _LATAbits = 0x2c4
                    0x02c6                  ODCA = 0x2c6
                    0x02c6                  _ODCA = 0x2c6
                    0x02c6                  _ODCAbits = 0x2c6
                    0x02c8                  TRISB = 0x2c8
                    0x02c8                  _TRISB = 0x2c8
                    0x02c8                  _TRISBbits = 0x2c8
                    0x02ca                  PORTB = 0x2ca
                    0x02ca                  _PORTB = 0x2ca
                    0x02ca                  _PORTBbits = 0x2ca
                    0x02cc                  LATB = 0x2cc
                    0x02cc                  _LATB = 0x2cc
                    0x02cc                  _LATBbits = 0x2cc
                    0x02ce                  ODCB = 0x2ce
                    0x02ce                  _ODCB = 0x2ce
                    0x02ce                  _ODCBbits = 0x2ce
                    0x02d0                  TRISC = 0x2d0
                    0x02d0                  _TRISC = 0x2d0
                    0x02d0                  _TRISCbits = 0x2d0
                    0x02d2                  PORTC = 0x2d2
                    0x02d2                  _PORTC = 0x2d2
                    0x02d2                  _PORTCbits = 0x2d2
                    0x02d4                  LATC = 0x2d4
                    0x02d4                  _LATC = 0x2d4
                    0x02d4                  _LATCbits = 0x2d4
                    0x02d6                  ODCC = 0x2d6
                    0x02d6                  _ODCC = 0x2d6
                    0x02d6                  _ODCCbits = 0x2d6
                    0x02d8                  TRISD = 0x2d8
                    0x02d8                  _TRISD = 0x2d8
                    0x02d8                  _TRISDbits = 0x2d8
                    0x02da                  PORTD = 0x2da
                    0x02da                  _PORTD = 0x2da
                    0x02da                  _PORTDbits = 0x2da
                    0x02dc                  LATD = 0x2dc
                    0x02dc                  _LATD = 0x2dc
                    0x02dc                  _LATDbits = 0x2dc
                    0x02de                  ODCD = 0x2de
                    0x02de                  _ODCD = 0x2de
                    0x02de                  _ODCDbits = 0x2de
                    0x02e0                  TRISE = 0x2e0
                    0x02e0                  _TRISE = 0x2e0
                    0x02e0                  _TRISEbits = 0x2e0
                    0x02e2                  PORTE = 0x2e2
                    0x02e2                  _PORTE = 0x2e2
                    0x02e2                  _PORTEbits = 0x2e2
                    0x02e4                  LATE = 0x2e4
                    0x02e4                  _LATE = 0x2e4
                    0x02e4                  _LATEbits = 0x2e4
                    0x02e6                  ODCE = 0x2e6
                    0x02e6                  _ODCE = 0x2e6
                    0x02e6                  _ODCEbits = 0x2e6
                    0x02e8                  TRISF = 0x2e8
                    0x02e8                  _TRISF = 0x2e8
                    0x02e8                  _TRISFbits = 0x2e8
                    0x02ea                  PORTF = 0x2ea
                    0x02ea                  _PORTF = 0x2ea
                    0x02ea                  _PORTFbits = 0x2ea
                    0x02ec                  LATF = 0x2ec
                    0x02ec                  _LATF = 0x2ec
                    0x02ec                  _LATFbits = 0x2ec
                    0x02ee                  ODCF = 0x2ee
                    0x02ee                  _ODCF = 0x2ee
                    0x02ee                  _ODCFbits = 0x2ee
                    0x02f0                  TRISG = 0x2f0
                    0x02f0                  _TRISG = 0x2f0
                    0x02f0                  _TRISGbits = 0x2f0
                    0x02f2                  PORTG = 0x2f2
                    0x02f2                  _PORTG = 0x2f2
                    0x02f2                  _PORTGbits = 0x2f2
                    0x02f4                  LATG = 0x2f4
                    0x02f4                  _LATG = 0x2f4
                    0x02f4                  _LATGbits = 0x2f4
                    0x02f6                  ODCG = 0x2f6
                    0x02f6                  _ODCG = 0x2f6
                    0x02f6                  _ODCGbits = 0x2f6
                    0x02fc                  PADCFG1 = 0x2fc
                    0x02fc                  _PADCFG1 = 0x2fc
                    0x02fc                  _PADCFG1bits = 0x2fc
                    0x0300                  ADC1BUF0 = 0x300
                    0x0300                  _ADC1BUF0 = 0x300
                    0x0302                  ADC1BUF1 = 0x302
                    0x0302                  _ADC1BUF1 = 0x302
                    0x0304                  ADC1BUF2 = 0x304
                    0x0304                  _ADC1BUF2 = 0x304
                    0x0306                  ADC1BUF3 = 0x306
                    0x0306                  _ADC1BUF3 = 0x306
                    0x0308                  ADC1BUF4 = 0x308
                    0x0308                  _ADC1BUF4 = 0x308
                    0x030a                  ADC1BUF5 = 0x30a
                    0x030a                  _ADC1BUF5 = 0x30a
                    0x030c                  ADC1BUF6 = 0x30c
                    0x030c                  _ADC1BUF6 = 0x30c
                    0x030e                  ADC1BUF7 = 0x30e
                    0x030e                  _ADC1BUF7 = 0x30e
                    0x0310                  ADC1BUF8 = 0x310
                    0x0310                  _ADC1BUF8 = 0x310
                    0x0312                  ADC1BUF9 = 0x312
                    0x0312                  _ADC1BUF9 = 0x312
                    0x0314                  ADC1BUF10 = 0x314
                    0x0314                  _ADC1BUF10 = 0x314
                    0x0316                  ADC1BUF11 = 0x316
                    0x0316                  _ADC1BUF11 = 0x316
                    0x0318                  ADC1BUF12 = 0x318
                    0x0318                  _ADC1BUF12 = 0x318
                    0x031a                  ADC1BUF13 = 0x31a
                    0x031a                  _ADC1BUF13 = 0x31a
                    0x031c                  ADC1BUF14 = 0x31c
                    0x031c                  _ADC1BUF14 = 0x31c
                    0x031e                  ADC1BUF15 = 0x31e
                    0x031e                  _ADC1BUF15 = 0x31e
                    0x0320                  ADC1BUF16 = 0x320
                    0x0320                  _ADC1BUF16 = 0x320
                    0x0322                  ADC1BUF17 = 0x322
                    0x0322                  _ADC1BUF17 = 0x322
                    0x0324                  ADC1BUF18 = 0x324
                    0x0324                  _ADC1BUF18 = 0x324
                    0x0326                  ADC1BUF19 = 0x326
                    0x0326                  _ADC1BUF19 = 0x326
                    0x0328                  ADC1BUF20 = 0x328
                    0x0328                  _ADC1BUF20 = 0x328
                    0x032a                  ADC1BUF21 = 0x32a
                    0x032a                  _ADC1BUF21 = 0x32a
                    0x032c                  ADC1BUF22 = 0x32c
                    0x032c                  _ADC1BUF22 = 0x32c
                    0x032e                  ADC1BUF23 = 0x32e
                    0x032e                  _ADC1BUF23 = 0x32e
                    0x0330                  ADC1BUF24 = 0x330
                    0x0330                  _ADC1BUF24 = 0x330
                    0x0332                  ADC1BUF25 = 0x332
                    0x0332                  _ADC1BUF25 = 0x332
                    0x0340                  AD1CON1 = 0x340
                    0x0340                  _AD1CON1 = 0x340
                    0x0340                  _AD1CON1bits = 0x340
                    0x0342                  AD1CON2 = 0x342
                    0x0342                  _AD1CON2 = 0x342
                    0x0342                  _AD1CON2bits = 0x342
                    0x0344                  AD1CON3 = 0x344
                    0x0344                  _AD1CON3 = 0x344
                    0x0344                  _AD1CON3bits = 0x344
                    0x0348                  AD1CHS = 0x348
                    0x0348                  _AD1CHS = 0x348
                    0x0348                  _AD1CHSbits = 0x348
                    0x0348                  AD1CHS0 = 0x348
                    0x0348                  _AD1CHS0 = 0x348
                    0x0348                  _AD1CHS0bits = 0x348
                    0x034e                  AD1CSSH = 0x34e
                    0x034e                  _AD1CSSH = 0x34e
                    0x034e                  _AD1CSSHbits = 0x34e
                    0x0350                  AD1CSSL = 0x350
                    0x0350                  _AD1CSSL = 0x350
                    0x0350                  _AD1CSSLbits = 0x350
                    0x0352                  AD1CON4 = 0x352
                    0x0352                  _AD1CON4 = 0x352
                    0x0352                  _AD1CON4bits = 0x352
                    0x0354                  AD1CON5 = 0x354
                    0x0354                  _AD1CON5 = 0x354
                    0x0354                  _AD1CON5bits = 0x354
                    0x0356                  AD1CHITH = 0x356
                    0x0356                  _AD1CHITH = 0x356
                    0x0356                  _AD1CHITHbits = 0x356
                    0x0358                  AD1CHITL = 0x358
                    0x0358                  _AD1CHITL = 0x358
                    0x0358                  _AD1CHITLbits = 0x358
                    0x035a                  CTMUCON1 = 0x35a
                    0x035a                  _CTMUCON1 = 0x35a
                    0x035a                  _CTMUCON1bits = 0x35a
                    0x035c                  CTMUCON2 = 0x35c
                    0x035c                  _CTMUCON2 = 0x35c
                    0x035c                  _CTMUCON2bits = 0x35c
                    0x035e                  CTMUICON = 0x35e
                    0x035e                  _CTMUICON = 0x35e
                    0x035e                  _CTMUICONbits = 0x35e
                    0x0360                  AD1CTMENH = 0x360
                    0x0360                  _AD1CTMENH = 0x360
                    0x0360                  _AD1CTMENHbits = 0x360
                    0x0362                  AD1CTMENL = 0x362
                    0x0362                  _AD1CTMENL = 0x362
                    0x0362                  _AD1CTMENLbits = 0x362
                    0x0364                  AD1DMBUF = 0x364
                    0x0364                  _AD1DMBUF = 0x364
                    0x0380                  DMACON = 0x380
                    0x0380                  _DMACON = 0x380
                    0x0380                  _DMACONbits = 0x380
                    0x0382                  DMABUF = 0x382
                    0x0382                  _DMABUF = 0x382
                    0x0384                  DMAL = 0x384
                    0x0384                  _DMAL = 0x384
                    0x0386                  DMAH = 0x386
                    0x0386                  _DMAH = 0x386
                    0x0388                  DMACH0 = 0x388
                    0x0388                  _DMACH0 = 0x388
                    0x0388                  _DMACH0bits = 0x388
                    0x038a                  DMAINT0 = 0x38a
                    0x038a                  _DMAINT0 = 0x38a
                    0x038a                  _DMAINT0bits = 0x38a
                    0x038c                  DMASRC0 = 0x38c
                    0x038c                  _DMASRC0 = 0x38c
                    0x038e                  DMADST0 = 0x38e
                    0x038e                  _DMADST0 = 0x38e
                    0x0390                  DMACNT0 = 0x390
                    0x0390                  _DMACNT0 = 0x390
                    0x0392                  DMACH1 = 0x392
                    0x0392                  _DMACH1 = 0x392
                    0x0392                  _DMACH1bits = 0x392
                    0x0394                  DMAINT1 = 0x394
                    0x0394                  _DMAINT1 = 0x394
                    0x0394                  _DMAINT1bits = 0x394
                    0x0396                  DMASRC1 = 0x396
                    0x0396                  _DMASRC1 = 0x396
                    0x0398                  DMADST1 = 0x398
                    0x0398                  _DMADST1 = 0x398
                    0x039a                  DMACNT1 = 0x39a
                    0x039a                  _DMACNT1 = 0x39a
                    0x039c                  DMACH2 = 0x39c
                    0x039c                  _DMACH2 = 0x39c
                    0x039c                  _DMACH2bits = 0x39c
                    0x039e                  DMAINT2 = 0x39e
                    0x039e                  _DMAINT2 = 0x39e
                    0x039e                  _DMAINT2bits = 0x39e
                    0x03a0                  DMASRC2 = 0x3a0
                    0x03a0                  _DMASRC2 = 0x3a0
                    0x03a2                  DMADST2 = 0x3a2
                    0x03a2                  _DMADST2 = 0x3a2
                    0x03a4                  DMACNT2 = 0x3a4
                    0x03a4                  _DMACNT2 = 0x3a4
                    0x03a6                  DMACH3 = 0x3a6
                    0x03a6                  _DMACH3 = 0x3a6
                    0x03a6                  _DMACH3bits = 0x3a6
                    0x03a8                  DMAINT3 = 0x3a8
                    0x03a8                  _DMAINT3 = 0x3a8
                    0x03a8                  _DMAINT3bits = 0x3a8
                    0x03aa                  DMASRC3 = 0x3aa
                    0x03aa                  _DMASRC3 = 0x3aa
                    0x03ac                  DMADST3 = 0x3ac
                    0x03ac                  _DMADST3 = 0x3ac
                    0x03ae                  DMACNT3 = 0x3ae
                    0x03ae                  _DMACNT3 = 0x3ae
                    0x03b0                  DMACH4 = 0x3b0
                    0x03b0                  _DMACH4 = 0x3b0
                    0x03b0                  _DMACH4bits = 0x3b0
                    0x03b2                  DMAINT4 = 0x3b2
                    0x03b2                  _DMAINT4 = 0x3b2
                    0x03b2                  _DMAINT4bits = 0x3b2
                    0x03b4                  DMASRC4 = 0x3b4
                    0x03b4                  _DMASRC4 = 0x3b4
                    0x03b6                  DMADST4 = 0x3b6
                    0x03b6                  _DMADST4 = 0x3b6
                    0x03b8                  DMACNT4 = 0x3b8
                    0x03b8                  _DMACNT4 = 0x3b8
                    0x03ba                  DMACH5 = 0x3ba
                    0x03ba                  _DMACH5 = 0x3ba
                    0x03ba                  _DMACH5bits = 0x3ba
                    0x03bc                  DMAINT5 = 0x3bc
                    0x03bc                  _DMAINT5 = 0x3bc
                    0x03bc                  _DMAINT5bits = 0x3bc
                    0x03be                  DMASRC5 = 0x3be
                    0x03be                  _DMASRC5 = 0x3be
                    0x03c0                  DMADST5 = 0x3c0
                    0x03c0                  _DMADST5 = 0x3c0
                    0x03c2                  DMACNT5 = 0x3c2
                    0x03c2                  _DMACNT5 = 0x3c2
                    0x04de                  ANCFG = 0x4de
                    0x04de                  _ANCFG = 0x4de
                    0x04de                  _ANCFGbits = 0x4de
                    0x04e0                  ANSA = 0x4e0
                    0x04e0                  _ANSA = 0x4e0
                    0x04e0                  _ANSAbits = 0x4e0
                    0x04e2                  ANSB = 0x4e2
                    0x04e2                  _ANSB = 0x4e2
                    0x04e2                  _ANSBbits = 0x4e2
                    0x04e4                  ANSC = 0x4e4
                    0x04e4                  _ANSC = 0x4e4
                    0x04e4                  _ANSCbits = 0x4e4
                    0x04e6                  ANSD = 0x4e6
                    0x04e6                  _ANSD = 0x4e6
                    0x04e6                  _ANSDbits = 0x4e6
                    0x04e8                  ANSE = 0x4e8
                    0x04e8                  _ANSE = 0x4e8
                    0x04e8                  _ANSEbits = 0x4e8
                    0x04ec                  ANSG = 0x4ec
                    0x04ec                  _ANSG = 0x4ec
                    0x04ec                  _ANSGbits = 0x4ec
                    0x0580                  LCDREG = 0x580
                    0x0580                  _LCDREG = 0x580
                    0x0580                  _LCDREGbits = 0x580
                    0x0582                  LCDREF = 0x582
                    0x0582                  _LCDREF = 0x582
                    0x0582                  _LCDREFbits = 0x582
                    0x0584                  LCDCON = 0x584
                    0x0584                  _LCDCON = 0x584
                    0x0584                  _LCDCONbits = 0x584
                    0x0586                  LCDPS = 0x586
                    0x0586                  _LCDPS = 0x586
                    0x0586                  _LCDPSbits = 0x586
                    0x0588                  LCDSE0 = 0x588
                    0x0588                  _LCDSE0 = 0x588
                    0x0588                  _LCDSE0bits = 0x588
                    0x058a                  LCDSE1 = 0x58a
                    0x058a                  _LCDSE1 = 0x58a
                    0x058a                  _LCDSE1bits = 0x58a
                    0x058c                  LCDSE2 = 0x58c
                    0x058c                  _LCDSE2 = 0x58c
                    0x058c                  _LCDSE2bits = 0x58c
                    0x058e                  LCDSE3 = 0x58e
                    0x058e                  _LCDSE3 = 0x58e
                    0x058e                  _LCDSE3bits = 0x58e
                    0x0590                  LCDDATA0 = 0x590
                    0x0590                  _LCDDATA0 = 0x590
                    0x0590                  _LCDDATA0bits = 0x590
                    0x0592                  LCDDATA1 = 0x592
                    0x0592                  _LCDDATA1 = 0x592
                    0x0592                  _LCDDATA1bits = 0x592
                    0x0594                  LCDDATA2 = 0x594
                    0x0594                  _LCDDATA2 = 0x594
                    0x0594                  _LCDDATA2bits = 0x594
                    0x0596                  LCDDATA3 = 0x596
                    0x0596                  _LCDDATA3 = 0x596
                    0x0596                  _LCDDATA3bits = 0x596
                    0x0598                  LCDDATA4 = 0x598
                    0x0598                  _LCDDATA4 = 0x598
                    0x0598                  _LCDDATA4bits = 0x598
                    0x059a                  LCDDATA5 = 0x59a
                    0x059a                  _LCDDATA5 = 0x59a
                    0x059a                  _LCDDATA5bits = 0x59a
                    0x059c                  LCDDATA6 = 0x59c
                    0x059c                  _LCDDATA6 = 0x59c
                    0x059c                  _LCDDATA6bits = 0x59c
                    0x059e                  LCDDATA7 = 0x59e
                    0x059e                  _LCDDATA7 = 0x59e
                    0x059e                  _LCDDATA7bits = 0x59e
                    0x05a0                  LCDDATA8 = 0x5a0
                    0x05a0                  _LCDDATA8 = 0x5a0
                    0x05a0                  _LCDDATA8bits = 0x5a0
                    0x05a2                  LCDDATA9 = 0x5a2
                    0x05a2                  _LCDDATA9 = 0x5a2
                    0x05a2                  _LCDDATA9bits = 0x5a2
                    0x05a4                  LCDDATA10 = 0x5a4
                    0x05a4                  _LCDDATA10 = 0x5a4
                    0x05a4                  _LCDDATA10bits = 0x5a4
                    0x05a6                  LCDDATA11 = 0x5a6
                    0x05a6                  _LCDDATA11 = 0x5a6
                    0x05a6                  _LCDDATA11bits = 0x5a6
                    0x05a8                  LCDDATA12 = 0x5a8
                    0x05a8                  _LCDDATA12 = 0x5a8
                    0x05a8                  _LCDDATA12bits = 0x5a8
                    0x05aa                  LCDDATA13 = 0x5aa
                    0x05aa                  _LCDDATA13 = 0x5aa
                    0x05aa                  _LCDDATA13bits = 0x5aa
                    0x05ac                  LCDDATA14 = 0x5ac
                    0x05ac                  _LCDDATA14 = 0x5ac
                    0x05ac                  _LCDDATA14bits = 0x5ac
                    0x05ae                  LCDDATA15 = 0x5ae
                    0x05ae                  _LCDDATA15 = 0x5ae
                    0x05ae                  _LCDDATA15bits = 0x5ae
                    0x05b0                  LCDDATA16 = 0x5b0
                    0x05b0                  _LCDDATA16 = 0x5b0
                    0x05b0                  _LCDDATA16bits = 0x5b0
                    0x05b2                  LCDDATA17 = 0x5b2
                    0x05b2                  _LCDDATA17 = 0x5b2
                    0x05b2                  _LCDDATA17bits = 0x5b2
                    0x05b4                  LCDDATA18 = 0x5b4
                    0x05b4                  _LCDDATA18 = 0x5b4
                    0x05b4                  _LCDDATA18bits = 0x5b4
                    0x05b6                  LCDDATA19 = 0x5b6
                    0x05b6                  _LCDDATA19 = 0x5b6
                    0x05b6                  _LCDDATA19bits = 0x5b6
                    0x05b8                  LCDDATA20 = 0x5b8
                    0x05b8                  _LCDDATA20 = 0x5b8
                    0x05b8                  _LCDDATA20bits = 0x5b8
                    0x05ba                  LCDDATA21 = 0x5ba
                    0x05ba                  _LCDDATA21 = 0x5ba
                    0x05ba                  _LCDDATA21bits = 0x5ba
                    0x05bc                  LCDDATA22 = 0x5bc
                    0x05bc                  _LCDDATA22 = 0x5bc
                    0x05bc                  _LCDDATA22bits = 0x5bc
                    0x05be                  LCDDATA23 = 0x5be
                    0x05be                  _LCDDATA23 = 0x5be
                    0x05be                  _LCDDATA23bits = 0x5be
                    0x05c0                  LCDDATA24 = 0x5c0
                    0x05c0                  _LCDDATA24 = 0x5c0
                    0x05c0                  _LCDDATA24bits = 0x5c0
                    0x05c2                  LCDDATA25 = 0x5c2
                    0x05c2                  _LCDDATA25 = 0x5c2
                    0x05c2                  _LCDDATA25bits = 0x5c2
                    0x05c4                  LCDDATA26 = 0x5c4
                    0x05c4                  _LCDDATA26 = 0x5c4
                    0x05c4                  _LCDDATA26bits = 0x5c4
                    0x05c6                  LCDDATA27 = 0x5c6
                    0x05c6                  _LCDDATA27 = 0x5c6
                    0x05c6                  _LCDDATA27bits = 0x5c6
                    0x05c8                  LCDDATA28 = 0x5c8
                    0x05c8                  _LCDDATA28 = 0x5c8
                    0x05c8                  _LCDDATA28bits = 0x5c8
                    0x05ca                  LCDDATA29 = 0x5ca
                    0x05ca                  _LCDDATA29 = 0x5ca
                    0x05ca                  _LCDDATA29bits = 0x5ca
                    0x05cc                  LCDDATA30 = 0x5cc
                    0x05cc                  _LCDDATA30 = 0x5cc
                    0x05cc                  _LCDDATA30bits = 0x5cc
                    0x05ce                  LCDDATA31 = 0x5ce
                    0x05ce                  _LCDDATA31 = 0x5ce
                    0x05ce                  _LCDDATA31bits = 0x5ce
                    0x0600                  PMCON1 = 0x600
                    0x0600                  _PMCON1 = 0x600
                    0x0600                  _PMCON1bits = 0x600
                    0x0602                  PMCON2 = 0x602
                    0x0602                  _PMCON2 = 0x602
                    0x0602                  _PMCON2bits = 0x602
                    0x0604                  PMCON3 = 0x604
                    0x0604                  _PMCON3 = 0x604
                    0x0604                  _PMCON3bits = 0x604
                    0x0606                  PMCON4 = 0x606
                    0x0606                  _PMCON4 = 0x606
                    0x0606                  _PMCON4bits = 0x606
                    0x0608                  PMCS1CF = 0x608
                    0x0608                  _PMCS1CF = 0x608
                    0x0608                  _PMCS1CFbits = 0x608
                    0x060a                  PMCS1BS = 0x60a
                    0x060a                  _PMCS1BS = 0x60a
                    0x060a                  _PMCS1BSbits = 0x60a
                    0x060c                  PMCS1MD = 0x60c
                    0x060c                  _PMCS1MD = 0x60c
                    0x060c                  _PMCS1MDbits = 0x60c
                    0x060e                  PMCS2CF = 0x60e
                    0x060e                  _PMCS2CF = 0x60e
                    0x060e                  _PMCS2CFbits = 0x60e
                    0x0610                  PMCS2BS = 0x610
                    0x0610                  _PMCS2BS = 0x610
                    0x0610                  _PMCS2BSbits = 0x610
                    0x0612                  PMCS2MD = 0x612
                    0x0612                  _PMCS2MD = 0x612
                    0x0612                  _PMCS2MDbits = 0x612
                    0x0614                  PMDOUT1 = 0x614
                    0x0614                  _PMDOUT1 = 0x614
                    0x0616                  PMDOUT2 = 0x616
                    0x0616                  _PMDOUT2 = 0x616
                    0x0618                  PMDIN1 = 0x618
                    0x0618                  _PMDIN1 = 0x618
                    0x061a                  PMDIN2 = 0x61a
                    0x061a                  _PMDIN2 = 0x61a
                    0x061c                  PMSTAT = 0x61c
                    0x061c                  _PMSTAT = 0x61c
                    0x061c                  _PMSTATbits = 0x61c
                    0x0620                  ALRMVAL = 0x620
                    0x0620                  _ALRMVAL = 0x620
                    0x0622                  ALCFGRPT = 0x622
                    0x0622                  _ALCFGRPT = 0x622
                    0x0622                  _ALCFGRPTbits = 0x622
                    0x0624                  RTCVAL = 0x624
                    0x0624                  _RTCVAL = 0x624
                    0x0626                  RCFGCAL = 0x626
                    0x0626                  _RCFGCAL = 0x626
                    0x0626                  _RCFGCALbits = 0x626
                    0x0628                  RTCPWC = 0x628
                    0x0628                  _RTCPWC = 0x628
                    0x0628                  _RTCPWCbits = 0x628
                    0x062a                  MDCON = 0x62a
                    0x062a                  _MDCON = 0x62a
                    0x062a                  _MDCONbits = 0x62a
                    0x062c                  MDSRC = 0x62c
                    0x062c                  _MDSRC = 0x62c
                    0x062c                  _MDSRCbits = 0x62c
                    0x062e                  MDCAR = 0x62e
                    0x062e                  _MDCAR = 0x62e
                    0x062e                  _MDCARbits = 0x62e
                    0x0630                  CMSTAT = 0x630
                    0x0630                  _CMSTAT = 0x630
                    0x0630                  _CMSTATbits = 0x630
                    0x0632                  CVRCON = 0x632
                    0x0632                  _CVRCON = 0x632
                    0x0632                  _CVRCONbits = 0x632
                    0x0634                  CM1CON = 0x634
                    0x0634                  _CM1CON = 0x634
                    0x0634                  _CM1CONbits = 0x634
                    0x0636                  CM2CON = 0x636
                    0x0636                  _CM2CON = 0x636
                    0x0636                  _CM2CONbits = 0x636
                    0x0638                  CM3CON = 0x638
                    0x0638                  _CM3CON = 0x638
                    0x0638                  _CM3CONbits = 0x638
                    0x0640                  CRCCON1 = 0x640
                    0x0640                  _CRCCON1 = 0x640
                    0x0640                  _CRCCON1bits = 0x640
                    0x0642                  CRCCON2 = 0x642
                    0x0642                  _CRCCON2 = 0x642
                    0x0642                  _CRCCON2bits = 0x642
                    0x0644                  CRCXORL = 0x644
                    0x0644                  _CRCXORL = 0x644
                    0x0644                  _CRCXORLbits = 0x644
                    0x0646                  CRCXORH = 0x646
                    0x0646                  _CRCXORH = 0x646
                    0x0646                  _CRCXORHbits = 0x646
                    0x0648                  CRCDAT = 0x648
                    0x0648                  _CRCDAT = 0x648
                    0x0648                  CRCDAT32 = 0x648
                    0x0648                  _CRCDAT32 = 0x648
                    0x0648                  CRCDAT8 = 0x648
                    0x0648                  _CRCDAT8 = 0x648
                    0x0648                  CRCDATL = 0x648
                    0x0648                  _CRCDATL = 0x648
                    0x064a                  CRCDATH = 0x64a
                    0x064a                  _CRCDATH = 0x64a
                    0x064c                  CRCWDATL = 0x64c
                    0x064c                  _CRCWDATL = 0x64c
                    0x064e                  CRCWDATH = 0x64e
                    0x064e                  _CRCWDATH = 0x64e
                    0x0680                  RPINR0 = 0x680
                    0x0680                  _RPINR0 = 0x680
                    0x0680                  _RPINR0bits = 0x680
                    0x0682                  RPINR1 = 0x682
                    0x0682                  _RPINR1 = 0x682
                    0x0682                  _RPINR1bits = 0x682
                    0x0684                  RPINR2 = 0x684
                    0x0684                  _RPINR2 = 0x684
                    0x0684                  _RPINR2bits = 0x684
                    0x0686                  RPINR3 = 0x686